// Jest Snapshot v1, https://goo.gl/fbAQLP

exports[`RandomRecipesWithIngredient should match snapshot 1`] = `
<body>
  <div>
    <div
      class="container"
    >
      <label>
        <h2>
          Une envie de...
        </h2>
         
        <input
          name="ingredients"
        />
      </label>
       
      <div
        class="group-container"
      >
        <h2>
          ...Combien voulez vous de propositions ?
        </h2>
         
        <div
          class="button-container"
        >
          <button
            class="with-marge"
          >
            <span>
              1
            </span>
          </button>
           
          <button
            class="with-marge"
          >
            <span>
              5
            </span>
          </button>
           
          <button
            class=""
          >
            <span>
              10
            </span>
          </button>
        </div>
      </div>
    </div>
     
     
    
  </div>
</body>
`;
